ARM GAS  C:\Users\dedla\AppData\Local\Temp\ccdu50Bc.s 			page 1


   1              		.cpu cortex-m4
   2              		.arch armv7e-m
   3              		.fpu fpv4-sp-d16
   4              		.eabi_attribute 27, 1
   5              		.eabi_attribute 28, 1
   6              		.eabi_attribute 20, 1
   7              		.eabi_attribute 21, 1
   8              		.eabi_attribute 23, 3
   9              		.eabi_attribute 24, 1
  10              		.eabi_attribute 25, 1
  11              		.eabi_attribute 26, 1
  12              		.eabi_attribute 30, 1
  13              		.eabi_attribute 34, 1
  14              		.eabi_attribute 18, 4
  15              		.file	"it_handlers.c"
  16              		.text
  17              	.Ltext0:
  18              		.cfi_sections	.debug_frame
  19              		.file 1 "Core/Src/it_handlers.c"
  20              		.section	.text.SysTick_Handler,"ax",%progbits
  21              		.align	1
  22              		.global	SysTick_Handler
  23              		.syntax unified
  24              		.thumb
  25              		.thumb_func
  27              	SysTick_Handler:
  28              	.LFB130:
   1:Core/Src/it_handlers.c **** #include "it_handlers.h"
   2:Core/Src/it_handlers.c **** #include "main.h"
   3:Core/Src/it_handlers.c **** #include "init.h"
   4:Core/Src/it_handlers.c **** 
   5:Core/Src/it_handlers.c **** volatile uint8_t Button1Type = 0, Button2Type = 0, Button3Type = 0;
   6:Core/Src/it_handlers.c **** volatile uint32_t initTime = 0, pastTime1 = 0, pastTime2 = 0, pastTime3 = 0;
   7:Core/Src/it_handlers.c **** 
   8:Core/Src/it_handlers.c **** void SysTick_Handler(void)
   9:Core/Src/it_handlers.c **** {
  29              		.loc 1 9 1 view -0
  30              		.cfi_startproc
  31              		@ args = 0, pretend = 0, frame = 0
  32              		@ frame_needed = 0, uses_anonymous_args = 0
  33              		@ link register save eliminated.
  10:Core/Src/it_handlers.c ****     initTime++;
  34              		.loc 1 10 5 view .LVU1
  35              		.loc 1 10 13 is_stmt 0 view .LVU2
  36 0000 024A     		ldr	r2, .L2
  37 0002 1368     		ldr	r3, [r2]
  38 0004 0133     		adds	r3, r3, #1
  39 0006 1360     		str	r3, [r2]
  11:Core/Src/it_handlers.c **** }
  40              		.loc 1 11 1 view .LVU3
  41 0008 7047     		bx	lr
  42              	.L3:
  43 000a 00BF     		.align	2
  44              	.L2:
  45 000c 00000000 		.word	initTime
  46              		.cfi_endproc
  47              	.LFE130:
ARM GAS  C:\Users\dedla\AppData\Local\Temp\ccdu50Bc.s 			page 2


  49              		.section	.text.EXTI9_5_IRQHandler,"ax",%progbits
  50              		.align	1
  51              		.global	EXTI9_5_IRQHandler
  52              		.syntax unified
  53              		.thumb
  54              		.thumb_func
  56              	EXTI9_5_IRQHandler:
  57              	.LFB131:
  12:Core/Src/it_handlers.c **** 
  13:Core/Src/it_handlers.c **** void EXTI9_5_IRQHandler(void)
  14:Core/Src/it_handlers.c **** {
  58              		.loc 1 14 1 is_stmt 1 view -0
  59              		.cfi_startproc
  60              		@ args = 0, pretend = 0, frame = 0
  61              		@ frame_needed = 0, uses_anonymous_args = 0
  62              		@ link register save eliminated.
  15:Core/Src/it_handlers.c ****     if (EXTI->PR & EXTI_PR_PR5) {
  63              		.loc 1 15 5 view .LVU5
  64              		.loc 1 15 13 is_stmt 0 view .LVU6
  65 0000 3F4B     		ldr	r3, .L15
  66 0002 5B69     		ldr	r3, [r3, #20]
  67              		.loc 1 15 8 view .LVU7
  68 0004 13F0200F 		tst	r3, #32
  69 0008 20D0     		beq	.L5
  16:Core/Src/it_handlers.c ****         SET_BIT(EXTI->PR, EXTI_PR_PR5);
  70              		.loc 1 16 9 is_stmt 1 view .LVU8
  71 000a 3D4A     		ldr	r2, .L15
  72 000c 5369     		ldr	r3, [r2, #20]
  73 000e 43F02003 		orr	r3, r3, #32
  74 0012 5361     		str	r3, [r2, #20]
  17:Core/Src/it_handlers.c **** 
  18:Core/Src/it_handlers.c ****         if (initTime - pastTime1 > 200) {
  75              		.loc 1 18 9 view .LVU9
  76              		.loc 1 18 22 is_stmt 0 view .LVU10
  77 0014 3B4B     		ldr	r3, .L15+4
  78 0016 1B68     		ldr	r3, [r3]
  79 0018 3B4A     		ldr	r2, .L15+8
  80 001a 1268     		ldr	r2, [r2]
  81 001c 9B1A     		subs	r3, r3, r2
  82              		.loc 1 18 12 view .LVU11
  83 001e C82B     		cmp	r3, #200
  84 0020 10D9     		bls	.L6
  19:Core/Src/it_handlers.c ****             Button1Type++;
  85              		.loc 1 19 13 is_stmt 1 view .LVU12
  86              		.loc 1 19 24 is_stmt 0 view .LVU13
  87 0022 3A4A     		ldr	r2, .L15+12
  88 0024 1378     		ldrb	r3, [r2]	@ zero_extendqisi2
  89 0026 0133     		adds	r3, r3, #1
  90 0028 DBB2     		uxtb	r3, r3
  91 002a 1370     		strb	r3, [r2]
  20:Core/Src/it_handlers.c ****             if (Button1Type >= 3) {
  92              		.loc 1 20 13 is_stmt 1 view .LVU14
  93              		.loc 1 20 29 is_stmt 0 view .LVU15
  94 002c 1378     		ldrb	r3, [r2]	@ zero_extendqisi2
  95 002e DBB2     		uxtb	r3, r3
  96              		.loc 1 20 16 view .LVU16
  97 0030 022B     		cmp	r3, #2
ARM GAS  C:\Users\dedla\AppData\Local\Temp\ccdu50Bc.s 			page 3


  98 0032 02D9     		bls	.L7
  21:Core/Src/it_handlers.c ****                 Button1Type = 0;
  99              		.loc 1 21 17 is_stmt 1 view .LVU17
 100              		.loc 1 21 29 is_stmt 0 view .LVU18
 101 0034 1346     		mov	r3, r2
 102 0036 0022     		movs	r2, #0
 103 0038 1A70     		strb	r2, [r3]
 104              	.L7:
  22:Core/Src/it_handlers.c ****             }
  23:Core/Src/it_handlers.c ****             mode = Button1Type;
 105              		.loc 1 23 13 is_stmt 1 view .LVU19
 106              		.loc 1 23 18 is_stmt 0 view .LVU20
 107 003a 344B     		ldr	r3, .L15+12
 108 003c 1B78     		ldrb	r3, [r3]	@ zero_extendqisi2
 109 003e DBB2     		uxtb	r3, r3
 110 0040 334A     		ldr	r2, .L15+16
 111 0042 1370     		strb	r3, [r2]
 112              	.L6:
  24:Core/Src/it_handlers.c ****         }
  25:Core/Src/it_handlers.c ****         pastTime1 = initTime;
 113              		.loc 1 25 9 is_stmt 1 view .LVU21
 114              		.loc 1 25 19 is_stmt 0 view .LVU22
 115 0044 2F4B     		ldr	r3, .L15+4
 116 0046 1A68     		ldr	r2, [r3]
 117 0048 2F4B     		ldr	r3, .L15+8
 118 004a 1A60     		str	r2, [r3]
 119              	.L5:
  26:Core/Src/it_handlers.c ****     }
  27:Core/Src/it_handlers.c **** 
  28:Core/Src/it_handlers.c ****     if (EXTI->PR & EXTI_PR_PR6) {
 120              		.loc 1 28 5 is_stmt 1 view .LVU23
 121              		.loc 1 28 13 is_stmt 0 view .LVU24
 122 004c 2C4B     		ldr	r3, .L15
 123 004e 5B69     		ldr	r3, [r3, #20]
 124              		.loc 1 28 8 view .LVU25
 125 0050 13F0400F 		tst	r3, #64
 126 0054 24D0     		beq	.L8
  29:Core/Src/it_handlers.c ****         SET_BIT(EXTI->PR, EXTI_PR_PR6);
 127              		.loc 1 29 9 is_stmt 1 view .LVU26
 128 0056 2A4A     		ldr	r2, .L15
 129 0058 5369     		ldr	r3, [r2, #20]
 130 005a 43F04003 		orr	r3, r3, #64
 131 005e 5361     		str	r3, [r2, #20]
  30:Core/Src/it_handlers.c ****         if (initTime - pastTime2 > 200) {
 132              		.loc 1 30 9 view .LVU27
 133              		.loc 1 30 22 is_stmt 0 view .LVU28
 134 0060 284B     		ldr	r3, .L15+4
 135 0062 1B68     		ldr	r3, [r3]
 136 0064 2B4A     		ldr	r2, .L15+20
 137 0066 1268     		ldr	r2, [r2]
 138 0068 9B1A     		subs	r3, r3, r2
 139              		.loc 1 30 12 view .LVU29
 140 006a C82B     		cmp	r3, #200
 141 006c 14D9     		bls	.L9
  31:Core/Src/it_handlers.c ****             Button2Type++;
 142              		.loc 1 31 13 is_stmt 1 view .LVU30
 143              		.loc 1 31 24 is_stmt 0 view .LVU31
ARM GAS  C:\Users\dedla\AppData\Local\Temp\ccdu50Bc.s 			page 4


 144 006e 2A4A     		ldr	r2, .L15+24
 145 0070 1378     		ldrb	r3, [r2]	@ zero_extendqisi2
 146 0072 0133     		adds	r3, r3, #1
 147 0074 DBB2     		uxtb	r3, r3
 148 0076 1370     		strb	r3, [r2]
  32:Core/Src/it_handlers.c ****             if (Button2Type >= 3) {
 149              		.loc 1 32 13 is_stmt 1 view .LVU32
 150              		.loc 1 32 29 is_stmt 0 view .LVU33
 151 0078 1378     		ldrb	r3, [r2]	@ zero_extendqisi2
 152 007a DBB2     		uxtb	r3, r3
 153              		.loc 1 32 16 view .LVU34
 154 007c 022B     		cmp	r3, #2
 155 007e 02D9     		bls	.L10
  33:Core/Src/it_handlers.c ****                 Button2Type = 0;
 156              		.loc 1 33 17 is_stmt 1 view .LVU35
 157              		.loc 1 33 29 is_stmt 0 view .LVU36
 158 0080 1346     		mov	r3, r2
 159 0082 0022     		movs	r2, #0
 160 0084 1A70     		strb	r2, [r3]
 161              	.L10:
  34:Core/Src/it_handlers.c ****             }
  35:Core/Src/it_handlers.c **** 
  36:Core/Src/it_handlers.c ****             if (mode == 0) {
 162              		.loc 1 36 13 is_stmt 1 view .LVU37
 163              		.loc 1 36 22 is_stmt 0 view .LVU38
 164 0086 224B     		ldr	r3, .L15+16
 165 0088 1B78     		ldrb	r3, [r3]	@ zero_extendqisi2
 166              		.loc 1 36 16 view .LVU39
 167 008a 002B     		cmp	r3, #0
 168 008c 2FD1     		bne	.L11
  37:Core/Src/it_handlers.c ****                 blinkFrequency = Button2Type;
 169              		.loc 1 37 17 is_stmt 1 view .LVU40
 170              		.loc 1 37 32 is_stmt 0 view .LVU41
 171 008e 224B     		ldr	r3, .L15+24
 172 0090 1B78     		ldrb	r3, [r3]	@ zero_extendqisi2
 173 0092 DBB2     		uxtb	r3, r3
 174 0094 214A     		ldr	r2, .L15+28
 175 0096 1370     		strb	r3, [r2]
 176              	.L9:
  38:Core/Src/it_handlers.c ****             } else {
  39:Core/Src/it_handlers.c ****                 blinkFrequencies[currentLED] = Button2Type;
  40:Core/Src/it_handlers.c ****             }
  41:Core/Src/it_handlers.c ****         }
  42:Core/Src/it_handlers.c ****         pastTime2 = initTime;
 177              		.loc 1 42 9 is_stmt 1 view .LVU42
 178              		.loc 1 42 19 is_stmt 0 view .LVU43
 179 0098 1A4B     		ldr	r3, .L15+4
 180 009a 1A68     		ldr	r2, [r3]
 181 009c 1D4B     		ldr	r3, .L15+20
 182 009e 1A60     		str	r2, [r3]
 183              	.L8:
  43:Core/Src/it_handlers.c ****     }
  44:Core/Src/it_handlers.c **** 
  45:Core/Src/it_handlers.c ****     if (EXTI->PR & EXTI_PR_PR7) {
 184              		.loc 1 45 5 is_stmt 1 view .LVU44
 185              		.loc 1 45 13 is_stmt 0 view .LVU45
 186 00a0 174B     		ldr	r3, .L15
ARM GAS  C:\Users\dedla\AppData\Local\Temp\ccdu50Bc.s 			page 5


 187 00a2 5B69     		ldr	r3, [r3, #20]
 188              		.loc 1 45 8 view .LVU46
 189 00a4 13F0800F 		tst	r3, #128
 190 00a8 20D0     		beq	.L4
  46:Core/Src/it_handlers.c ****         SET_BIT(EXTI->PR, EXTI_PR_PR7);
 191              		.loc 1 46 9 is_stmt 1 view .LVU47
 192 00aa 154A     		ldr	r2, .L15
 193 00ac 5369     		ldr	r3, [r2, #20]
 194 00ae 43F08003 		orr	r3, r3, #128
 195 00b2 5361     		str	r3, [r2, #20]
  47:Core/Src/it_handlers.c **** 
  48:Core/Src/it_handlers.c ****         if (initTime - pastTime3 > 200) {
 196              		.loc 1 48 9 view .LVU48
 197              		.loc 1 48 22 is_stmt 0 view .LVU49
 198 00b4 134B     		ldr	r3, .L15+4
 199 00b6 1B68     		ldr	r3, [r3]
 200 00b8 194A     		ldr	r2, .L15+32
 201 00ba 1268     		ldr	r2, [r2]
 202 00bc 9B1A     		subs	r3, r3, r2
 203              		.loc 1 48 12 view .LVU50
 204 00be C82B     		cmp	r3, #200
 205 00c0 10D9     		bls	.L13
  49:Core/Src/it_handlers.c ****             Button3Type++;
 206              		.loc 1 49 13 is_stmt 1 view .LVU51
 207              		.loc 1 49 24 is_stmt 0 view .LVU52
 208 00c2 184A     		ldr	r2, .L15+36
 209 00c4 1378     		ldrb	r3, [r2]	@ zero_extendqisi2
 210 00c6 0133     		adds	r3, r3, #1
 211 00c8 DBB2     		uxtb	r3, r3
 212 00ca 1370     		strb	r3, [r2]
  50:Core/Src/it_handlers.c ****             if (Button3Type >= 6) {
 213              		.loc 1 50 13 is_stmt 1 view .LVU53
 214              		.loc 1 50 29 is_stmt 0 view .LVU54
 215 00cc 1378     		ldrb	r3, [r2]	@ zero_extendqisi2
 216 00ce DBB2     		uxtb	r3, r3
 217              		.loc 1 50 16 view .LVU55
 218 00d0 052B     		cmp	r3, #5
 219 00d2 02D9     		bls	.L14
  51:Core/Src/it_handlers.c ****                 Button3Type = 0;
 220              		.loc 1 51 17 is_stmt 1 view .LVU56
 221              		.loc 1 51 29 is_stmt 0 view .LVU57
 222 00d4 1346     		mov	r3, r2
 223 00d6 0022     		movs	r2, #0
 224 00d8 1A70     		strb	r2, [r3]
 225              	.L14:
  52:Core/Src/it_handlers.c ****             }
  53:Core/Src/it_handlers.c ****             currentLED = Button3Type;
 226              		.loc 1 53 13 is_stmt 1 view .LVU58
 227              		.loc 1 53 24 is_stmt 0 view .LVU59
 228 00da 124B     		ldr	r3, .L15+36
 229 00dc 1B78     		ldrb	r3, [r3]	@ zero_extendqisi2
 230 00de DBB2     		uxtb	r3, r3
 231 00e0 114A     		ldr	r2, .L15+40
 232 00e2 1370     		strb	r3, [r2]
 233              	.L13:
  54:Core/Src/it_handlers.c ****         }
  55:Core/Src/it_handlers.c ****         pastTime3 = initTime;
ARM GAS  C:\Users\dedla\AppData\Local\Temp\ccdu50Bc.s 			page 6


 234              		.loc 1 55 9 is_stmt 1 view .LVU60
 235              		.loc 1 55 19 is_stmt 0 view .LVU61
 236 00e4 074B     		ldr	r3, .L15+4
 237 00e6 1A68     		ldr	r2, [r3]
 238 00e8 0D4B     		ldr	r3, .L15+32
 239 00ea 1A60     		str	r2, [r3]
 240              	.L4:
  56:Core/Src/it_handlers.c ****     }
  57:Core/Src/it_handlers.c **** }...
 241              		.loc 1 57 1 view .LVU62
 242 00ec 7047     		bx	lr
 243              	.L11:
  39:Core/Src/it_handlers.c ****                 blinkFrequencies[currentLED] = Button2Type;
 244              		.loc 1 39 17 is_stmt 1 view .LVU63
  39:Core/Src/it_handlers.c ****                 blinkFrequencies[currentLED] = Button2Type;
 245              		.loc 1 39 33 is_stmt 0 view .LVU64
 246 00ee 0E4B     		ldr	r3, .L15+40
 247 00f0 1B78     		ldrb	r3, [r3]	@ zero_extendqisi2
 248 00f2 DBB2     		uxtb	r3, r3
  39:Core/Src/it_handlers.c ****                 blinkFrequencies[currentLED] = Button2Type;
 249              		.loc 1 39 46 view .LVU65
 250 00f4 084A     		ldr	r2, .L15+24
 251 00f6 1278     		ldrb	r2, [r2]	@ zero_extendqisi2
 252 00f8 D2B2     		uxtb	r2, r2
 253 00fa 0C49     		ldr	r1, .L15+44
 254 00fc CA54     		strb	r2, [r1, r3]
 255 00fe CBE7     		b	.L9
 256              	.L16:
 257              		.align	2
 258              	.L15:
 259 0100 003C0140 		.word	1073822720
 260 0104 00000000 		.word	initTime
 261 0108 00000000 		.word	pastTime1
 262 010c 00000000 		.word	Button1Type
 263 0110 00000000 		.word	mode
 264 0114 00000000 		.word	pastTime2
 265 0118 00000000 		.word	Button2Type
 266 011c 00000000 		.word	blinkFrequency
 267 0120 00000000 		.word	pastTime3
 268 0124 00000000 		.word	Button3Type
 269 0128 00000000 		.word	currentLED
 270 012c 00000000 		.word	blinkFrequencies
 271              		.cfi_endproc
 272              	.LFE131:
 274              		.global	pastTime3
 275              		.section	.bss.pastTime3,"aw",%nobits
 276              		.align	2
 279              	pastTime3:
 280 0000 00000000 		.space	4
 281              		.global	pastTime2
 282              		.section	.bss.pastTime2,"aw",%nobits
 283              		.align	2
 286              	pastTime2:
 287 0000 00000000 		.space	4
 288              		.global	pastTime1
 289              		.section	.bss.pastTime1,"aw",%nobits
 290              		.align	2
ARM GAS  C:\Users\dedla\AppData\Local\Temp\ccdu50Bc.s 			page 7


 293              	pastTime1:
 294 0000 00000000 		.space	4
 295              		.global	initTime
 296              		.section	.bss.initTime,"aw",%nobits
 297              		.align	2
 300              	initTime:
 301 0000 00000000 		.space	4
 302              		.global	Button3Type
 303              		.section	.bss.Button3Type,"aw",%nobits
 306              	Button3Type:
 307 0000 00       		.space	1
 308              		.global	Button2Type
 309              		.section	.bss.Button2Type,"aw",%nobits
 312              	Button2Type:
 313 0000 00       		.space	1
 314              		.global	Button1Type
 315              		.section	.bss.Button1Type,"aw",%nobits
 318              	Button1Type:
 319 0000 00       		.space	1
 320              		.text
 321              	.Letext0:
 322              		.file 2 "D:/Microcontroller/xpack-arm-none-eabi-gcc-13.2.1-1.1/arm-none-eabi/include/machine/_defa
 323              		.file 3 "D:/Microcontroller/xpack-arm-none-eabi-gcc-13.2.1-1.1/arm-none-eabi/include/sys/_stdint.h
 324              		.file 4 "C:/Users/dedla/Documents/Labstm/Laboratory_Practice/CMSIS/Devices/Inc/stm32f429xx.h"
 325              		.file 5 "Core/Inc/it_handlers.h"
 326              		.file 6 "Core/Inc/main.h"
ARM GAS  C:\Users\dedla\AppData\Local\Temp\ccdu50Bc.s 			page 8


DEFINED SYMBOLS
                            *ABS*:00000000 it_handlers.c
C:\Users\dedla\AppData\Local\Temp\ccdu50Bc.s:21     .text.SysTick_Handler:00000000 $t
C:\Users\dedla\AppData\Local\Temp\ccdu50Bc.s:27     .text.SysTick_Handler:00000000 SysTick_Handler
C:\Users\dedla\AppData\Local\Temp\ccdu50Bc.s:45     .text.SysTick_Handler:0000000c $d
C:\Users\dedla\AppData\Local\Temp\ccdu50Bc.s:300    .bss.initTime:00000000 initTime
C:\Users\dedla\AppData\Local\Temp\ccdu50Bc.s:50     .text.EXTI9_5_IRQHandler:00000000 $t
C:\Users\dedla\AppData\Local\Temp\ccdu50Bc.s:56     .text.EXTI9_5_IRQHandler:00000000 EXTI9_5_IRQHandler
C:\Users\dedla\AppData\Local\Temp\ccdu50Bc.s:259    .text.EXTI9_5_IRQHandler:00000100 $d
C:\Users\dedla\AppData\Local\Temp\ccdu50Bc.s:293    .bss.pastTime1:00000000 pastTime1
C:\Users\dedla\AppData\Local\Temp\ccdu50Bc.s:318    .bss.Button1Type:00000000 Button1Type
C:\Users\dedla\AppData\Local\Temp\ccdu50Bc.s:286    .bss.pastTime2:00000000 pastTime2
C:\Users\dedla\AppData\Local\Temp\ccdu50Bc.s:312    .bss.Button2Type:00000000 Button2Type
C:\Users\dedla\AppData\Local\Temp\ccdu50Bc.s:279    .bss.pastTime3:00000000 pastTime3
C:\Users\dedla\AppData\Local\Temp\ccdu50Bc.s:306    .bss.Button3Type:00000000 Button3Type
C:\Users\dedla\AppData\Local\Temp\ccdu50Bc.s:276    .bss.pastTime3:00000000 $d
C:\Users\dedla\AppData\Local\Temp\ccdu50Bc.s:283    .bss.pastTime2:00000000 $d
C:\Users\dedla\AppData\Local\Temp\ccdu50Bc.s:290    .bss.pastTime1:00000000 $d
C:\Users\dedla\AppData\Local\Temp\ccdu50Bc.s:297    .bss.initTime:00000000 $d
C:\Users\dedla\AppData\Local\Temp\ccdu50Bc.s:307    .bss.Button3Type:00000000 $d
C:\Users\dedla\AppData\Local\Temp\ccdu50Bc.s:313    .bss.Button2Type:00000000 $d
C:\Users\dedla\AppData\Local\Temp\ccdu50Bc.s:319    .bss.Button1Type:00000000 $d

UNDEFINED SYMBOLS
mode
blinkFrequency
currentLED
blinkFrequencies
